[gumascargo.com/index.html]
[backblue.gif]
[fade.gif]
[index.html]
[gumascargo.com/assets/img/favicon.ico]
[gumascargo.com/assets/css/vendor.css]
[gumascargo.com/assets/css/style.css]
[gumascargo.com/assets/css/responsive.css]
[gumascargo.com/index-2.html]
[gumascargo.com/assets/img/2.png]
[gumascargo.com/cost-estimator.html]
[gumascargo.com/about.html]
[gumascargo.com/service.html]
[gumascargo.com/faq.html]
[gumascargo.com/branches.html]
[gumascargo.com/contact.html]
[gumascargo.com/assets/img/banner/1.webp]
[gumascargo.com/assets/img/banner/web.jpg]
[gumascargo.com/assets/img/icon/feature-1.png]
[gumascargo.com/assets/img/about/shape.png]
[gumascargo.com/assets/img/about/10.png]
[gumascargo.com/assets/img/about/9.png]
[gumascargo.com/assets/img/about/shape-3.png]
[gumascargo.com/assets/img/icon/check.png]
[gumascargo.com/assets/img/about/12.png]
[gumascargo.com/assets/img/service/bg.png]
[gumascargo.com/assets/img/service/20.jpg]
[gumascargo.com/assets/img/service/service-icon-1.png]
[gumascargo.com/assets/img/service/21.jpg]
[gumascargo.com/assets/img/service/service-icon-2.png]
[gumascargo.com/assets/img/service/22.jpg]
[gumascargo.com/assets/img/service/service-icon-3.png]
[gumascargo.com/assets/img/wcu/bg.png]
[gumascargo.com/assets/img/wcu/1.png]
[gumascargo.com/assets/img/wcu/2.png]
[gumascargo.com/assets/img/wcu/3.png]
[gumascargo.com/assets/img/wcu/icon-1.png]
[gumascargo.com/assets/img/wcu/icon-2.png]
[gumascargo.com/assets/img/wcu/icon-3.png]
[gumascargo.com/assets/img/fact/bg.png]
[gumascargo.com/assets/img/contact/2.jpg]
[gumascargo.com/assets/img/testimonial/quote.png]
[gumascargo.com/assets/img/footer/bg.png]
[gumascargo.com/assets/img/icon/map-marker.png]
[gumascargo.com/assets/img/icon/phone.png]
[gumascargo.com/assets/img/icon/clock.png]
[gumascargo.com/assets/img/logo3.jpg]
[gumascargo.com/assets/js/main.js]
[gumascargo.com/assets/js/vendor.js]
[gumascargo.com/index.html]
[widget.tochat.be/bundle7255.js]
[gumascargo.com/assets/fonts/line-awesomeeb4f.eot]
[gumascargo.com/assets/fonts/line-awesomeeb4f.woff2]
[gumascargo.com/assets/fonts/line-awesome0176.eot]
[gumascargo.com/assets/fonts/line-awesomeeb4f.woff]
[gumascargo.com/assets/fonts/line-awesomeeb4f.ttf]
[gumascargo.com/assets/webfonts/fa-brands-400.eot]
[gumascargo.com/assets/fonts/line-awesomeeb4f.svg]
[gumascargo.com/assets/webfonts/fa-brands-400d41d.eot]
[gumascargo.com/assets/webfonts/fa-brands-400.woff2]
[gumascargo.com/assets/webfonts/fa-brands-400.woff]
[gumascargo.com/assets/webfonts/fa-brands-400.ttf]
[gumascargo.com/assets/webfonts/fa-brands-400.svg]
[gumascargo.com/assets/webfonts/fa-regular-400.eot]
[gumascargo.com/assets/webfonts/fa-regular-400d41d.eot]
[gumascargo.com/assets/webfonts/fa-regular-400.woff2]
[gumascargo.com/assets/webfonts/fa-regular-400.woff]
[gumascargo.com/assets/webfonts/fa-regular-400.ttf]
[gumascargo.com/assets/webfonts/fa-regular-400.svg]
[gumascargo.com/assets/webfonts/fa-solid-900.eot]
[gumascargo.com/assets/webfonts/fa-solid-900d41d.eot]
[gumascargo.com/assets/webfonts/fa-solid-900.woff2]
[gumascargo.com/assets/webfonts/fa-solid-900.woff]
[gumascargo.com/assets/webfonts/fa-solid-900.ttf]
[gumascargo.com/assets/css/vendor.css]
[gumascargo.com/assets/img/wcu/bg-subtitle.png]
[gumascargo.com/assets/webfonts/fa-solid-900.svg]
[gumascargo.com/assets/img/shape/nav-contact-bg.png]
[gumascargo.com/assets/img/about/shape-2.png]
[gumascargo.com/assets/img/contact/bg.png]
[gumascargo.com/assets/img/shape/bg-subtitle.png]
[gumascargo.com/assets/img/footer/rectangle.png]
[gumascargo.com/assets/css/style.css]
[gumascargo.com/assets/css/responsive.css]
[gumascargo.com/index-2.html]
[gumascargo.com/assets/img/banner/4.png]
[gumascargo.com/cost-estimator.html]
[gumascargo.com/assets/img/banner/1.jpg]
[gumascargo.com/assets/img/about/1.jpg]
[gumascargo.com/assets/img/about/2.jpg]
[gumascargo.com/assets/img/about/3.jpg]
[gumascargo.com/assets/img/about/1.webp]
[gumascargo.com/assets/img/about/3.webp]
[gumascargo.com/assets/img/video/1.jpg]
[gumascargo.com/assets/img/video/bg.png]
[gumascargo.com/about.html]
[gumascargo.com/assets/img/service/16.jpg]
[gumascargo.com/assets/img/service/15.jpg]
[gumascargo.com/assets/img/service/19.jpg]
[gumascargo.com/assets/img/service/17.jpg]
[gumascargo.com/assets/img/service/service-icon-4.png]
[gumascargo.com/assets/img/service/18.jpg]
[gumascargo.com/assets/img/service/service-icon-5.png]
[gumascargo.com/assets/img/service/20-2.jpg]
[gumascargo.com/assets/img/contact/3.png]
[gumascargo.com/service.html]
[gumascargo.com/assets/img/faq/2.jpg]
[gumascargo.com/assets/img/contact/4.jpg]
[gumascargo.com/faq.html]
[code.jquery.com/jquery-3.2.1.slim.min.js]
[cdnjs.cloudflare.com/ajax/libs/popper.js/1.12.3/umd/popper.min.js]
[maxcdn.bootstrapcdn.com/bootstrap/4.0.0-beta.2/js/bootstrap.min.js]
[gumascargo.com/assets/img/branches/tur.png]
[gumascargo.com/assets/img/branches/dubai.jpg]
[gumascargo.com/assets/img/branches/china.jpg]
[gumascargo.com/assets/img/branches/other.jpg]
[gumascargo.com/branches.html]
[gumascargo.com/contact.html]
[gumascargo.com/assets/fonts/slick.html]
[gumascargo.com/assets/fonts/slickd41d.html]
[gumascargo.com/assets/fonts/slick-2.html]
[gumascargo.com/assets/css/owl.video.play.html]
[gumascargo.com/assets/fonts/line-awesomeeb4f.svg]
[gumascargo.com/assets/webfonts/fa-brands-400.svg]
[gumascargo.com/assets/webfonts/fa-regular-400.svg]
[gumascargo.com/assets/webfonts/fa-solid-900.svg]
